// Jest Snapshot v1, https://jestjs.io/docs/snapshot-testing

exports[`cache original properties files messages/ActionsBundle.properties 1`] = `
{
  "action.Help.JetBrainsTV.text": "YouTube 上的产品",
}
`;

exports[`cache original properties files messages/AndroidBundle.properties 1`] = `
{
  "deployment.failed.uninstall.prompt.androidthings.errortext": "无法卸载以下软件包:\\n{0}",
  "deployment.failed.uninstall.prompt.androidthings.text": "您的 APK 和其他已安装的软件包的意图是 IOT_LAUNCHER。一次只能安装一个具有该意图的 APK。安装 APK 之前，请尝试卸载这些软件包。\\n\\n警告: 卸载将移除应用程序数据!\\n\\n是否要卸载以下应用程序?\\n{0}",
  "deployment.failed.uninstall.prompt.generic.text": "安装失败，消息 {0}。\\n可以通过卸载 APK 的现有版本(如果有)来解决此问题，然后重新安装。\\n\\n警告: 卸载将移除应用程序数据!\\n\\n是否要卸载现有的应用程序?",
  "deployment.failed.uninstall.prompt.text": "自 {0} 起安装失败。\\n要继续，您必须卸载现有的应用程序。\\n\\n警告: 卸载将移除应用程序数据!\\n\\n是否要卸载现有的应用程序?",
}
`;

exports[`cache original properties files messages/ApplicationBundle.properties 1`] = `
{
  "title.spaces": "空格",
}
`;

exports[`cache original properties files messages/CloudConfigBundle.properties 1`] = `
{
  "plugin.sync.state.uninstall.everywhere": "随处卸载",
}
`;

exports[`cache original properties files messages/FlexBundle.properties 1`] = `
{
  "uninstall.air.runtime.title": "卸载 AIR 运行时",
  "uninstalling.air.runtime": "正在卸载 AIR 运行时",
}
`;

exports[`cache original properties files messages/GitBundle.properties 1`] = `
{
  "git4idea.vcs.name.with.mnemonic": "Git(_G)",
  "group.Git.ContextMenu.text": "Git(_G)",
  "group.Git.Menu.text": "Git(_G)",
}
`;

exports[`cache original properties files messages/GrailsBundle.properties 1`] = `
{
  "install.uninstall.plugins.dialog.title": "安装/卸载插件",
  "status.bar.text.no.plugins": "没有要安装或卸载的插件",
}
`;

exports[`cache original properties files messages/IdeBundle.properties 1`] = `
{
  "action.AnActionButton.text.uninstall": "卸载",
  "action.explorer.text": "资源管理器",
  "label.welcome.to.0": "欢迎访问 {0}",
  "login.dialog.welcome.to.eap": "欢迎访问 {0} EAP",
  "memory.snapshot.captured.text": "在 {0} 的插件卸载失败时捕获内存快照",
  "package.successfully.uninstalled": "已成功卸载软件包 ''{0}''",
  "packages.successfully.uninstalled": "已成功卸载软件包",
  "plugins.configurable.uninstall": "卸载",
  "plugins.configurable.uninstalled": "已卸载",
  "prompt.uninstall.plugin": "确定要卸载插件 ''{0}''{1, choice, 0#|1# 更新}吗?",
  "prompt.uninstall.several.plugins": "确定要卸载这 {0} 个插件吗?",
  "title.plugin.uninstall": "是否卸载插件{0, choice, 0#|1#更新}?",
  "uninstall.packages.failed": "无法卸载软件包。<a href="xxx">详细信息…</a>",
  "uninstall.packages.failed.dialog.title": "卸载软件包失败",
}
`;

exports[`cache original properties files messages/JavaScriptBundle.properties 1`] = `
{
  "inlay.hints.usages.text": "{0,choice, 0#无用法|1#1 个用法|2#{0,number}'{1,choice, |1#+}' 用法}",
}
`;

exports[`cache original properties files messages/PhpBundle.properties 1`] = `
{
  "inlay.hints.usages.text": "{0,choice, 0#无用法|1#1 个用法|2#{0,number}'{1,choice, |1#+}' 用法}",
}
`;

exports[`cache original properties files messages/PyBundle.properties 1`] = `
{
  "inlay.hints.usages.text": "{0,choice, 0#无用法|1#1 个用法|2#{0,number}'{1,choice, |1#+}' 用法}",
}
`;

exports[`cache original properties files messages/RPluginBundle.properties 1`] = `
{
  "action.org.jetbrains.r.packages.remote.ui.RUninstallAction.text": "卸载软件包",
  "install.package.dialog.message.are.you.sure.you.wish.to.uninstall.package": "确定要卸载 ''{0}'' 软件包吗?",
  "install.package.dialog.title.uninstall": "卸载 {0}",
  "install.package.dialog.title.uninstall.packages.failed": "卸载软件包失败",
  "package.task.manager.uninstall.title": "卸载软件包",
  "uninstall.task.action.failure.description": "无法卸载软件包: {0}",
  "uninstall.task.action.failure.title": "卸载软件包失败",
  "uninstall.task.action.name": "卸载软件包",
  "uninstall.task.action.success.description": "已卸载软件包: {0}",
  "uninstall.task.action.success.title": "已成功卸载软件包",
}
`;

exports[`cache original properties files messages/SpaceVcsBundle.properties 1`] = `
{
  "group.SpaceGroup.text": "Space",
}
`;

exports[`cache original properties files messages/SwiftLessonsBundle.properties 1`] = `
{
  "swift.rdt.test.more": "就是这样! 对于某些框架(例如 <strong>Quick</strong>)，<ide/> 对测试结果提供了进一步增强的呈现效果。有关 <ide/> 支持的所有测试框架的概述，请观看<a href="https://www.youtube.com/watch?v=DXvx6xNG_jc">这段视频</a>。",
}
`;

exports[`cache original properties files messages/YeomanBundle.properties 1`] = `
{
  "progress.title.uninstalling.yeoman.generator": "正在卸载 Yeoman 生成器…",
  "yeoman.generators.dialog.uninstall.generator": "卸载生成器",
  "yeoman.generators.prompt.uninstall": "确实要卸载生成器 ''{0}'' 吗?",
  "yeoman.generators.prompt.uninstall.title": "Yeoman 生成器卸载",
}
`;

exports[`cache original properties same 1`] = `
{
  "group.SpaceGroup.text": "Space",
}
`;
